// Jest Snapshot v1, https://goo.gl/fbAQLP

exports[`BookmarkTable renders without crashing 1`] = `
<table
  class="sc-AxjAm doFumh"
>
  <tbody>
    <tr
      class="sc-AxirZ dPZPVA"
    >
      <td
        class="sc-AxiKw cyHeZF"
        data-label="Title"
      >
        <a
          href="http://www.django-rest-framework.org/"
          rel="noopener noreferrer"
          target="_blank"
        >
          Django Rest Framework
        </a>
      </td>
    </tr>
    <tr
      class="sc-AxirZ dPZPVA"
    >
      <td
        class="sc-AxiKw cyHeZF"
        data-label="Title"
      >
        <a
          href="https://realpython.com/blog/python/django-rest-framework-quick-start/"
          rel="noopener noreferrer"
          target="_blank"
        >
          Django Rest Framework - an Introduction
        </a>
      </td>
    </tr>
    <tr
      class="sc-AxirZ dPZPVA"
    >
      <td
        class="sc-AxiKw cyHeZF"
        data-label="Title"
      >
        <a
          href="https://reactjs.org/blog/2017/12/15/improving-the-repository-infrastructure.html"
          rel="noopener noreferrer"
          target="_blank"
        >
          Behind the Scenes: Improving the Repository Infrastructure
        </a>
      </td>
    </tr>
    <tr
      class="sc-AxirZ dPZPVA"
    >
      <td
        class="sc-AxiKw cyHeZF"
        data-label="Title"
      >
        <a
          href="https://reactjs.org/blog/2017/12/07/introducing-the-react-rfc-process.html"
          rel="noopener noreferrer"
          target="_blank"
        >
          Introducing the React RFC Process
        </a>
      </td>
    </tr>
    <tr
      class="sc-AxirZ dPZPVA"
    >
      <td
        class="sc-AxiKw cyHeZF"
        data-label="Title"
      >
        <a
          href="https://reactjs.org/blog/2017/09/08/dom-attributes-in-react-16.html"
          rel="noopener noreferrer"
          target="_blank"
        >
          DOM Attributes in React 16
        </a>
      </td>
    </tr>
    <tr
      class="sc-AxirZ dPZPVA"
    >
      <td
        class="sc-AxiKw cyHeZF"
        data-label="Title"
      >
        <a
          href="https://reactjs.org/blog/2017/07/26/error-handling-in-react-16.html"
          rel="noopener noreferrer"
          target="_blank"
        >
          Error Handling in React 16
        </a>
      </td>
    </tr>
  </tbody>
</table>
`;
