// Jest Snapshot v1, https://goo.gl/fbAQLP

exports[`BookmarkTable renders without crashing 1`] = `
<table
  class="sc-AykKC bBOGGK"
>
  <tbody>
    <tr
      class="sc-AykKD gfykfH"
    >
      <td
        class="sc-AykKE kOWvCN"
        data-label="Title"
      >
        <a
          href="https://reactjs.org/blog/2017/12/07/introducing-the-react-rfc-process.html"
          rel="noopener noreferrer"
          target="_blank"
        >
          Introducing the React RFC Process
        </a>
      </td>
    </tr>
  </tbody>
</table>
`;
