// Jest Snapshot v1, https://goo.gl/fbAQLP

exports[`BookmarkUpdate renders without crashing 1`] = `
<div
  class="sc-fznyAO gzScre"
>
  <div
    class="sc-fzozJi hjZFMJ"
  >
    <p
      class="sc-fzoLsD gkprAF"
    >
      <span
        class="sc-fzpans itZSub"
      />
       
      
    </p>
    <button
      aria-label="Close alert"
      class="sc-fzplWN cbPIzc"
      type="button"
    >
      <span>
        Close
      </span>
    </button>
  </div>
  <header
    class="sc-fznKkj hAVTOU"
  >
    <div
      class="sc-fznZeY eQbmXQ"
    >
      <div
        class="sc-Axmtr gOKCDz"
      >
        <a
          class="sc-AxmLO fpwXlv"
          href="/bookmarks"
        >
          Bookmarks
        </a>
      </div>
      <nav
        class="sc-fzokOt bbGngf"
      >
        <ul>
          <li
            class="sc-fzqBZW cJRSnq"
          >
            <button
              class="sc-fzqNJr tYlxI"
              type="button"
            >
              Sign Out
            </button>
          </li>
        </ul>
      </nav>
    </div>
  </header>
  <main
    class="sc-fzoyAV hNheMF"
  >
    <form
      autocomplete="off"
      class="sc-AxjAm hYYXIy"
      novalidate=""
    >
      <fieldset>
        <legend
          class="sc-AxirZ dBtpcc"
        >
          Edit bookmark
        </legend>
        <div
          class="sc-AxiKw bLDZyO"
        >
          <label
            class="sc-AxhCb ieTFEo"
            for="title"
          >
            Title
          </label>
          <input
            class="sc-AxhUy ePtFHq"
            id="title"
            name="title"
            placeholder="Title"
            type="text"
            value="Django Rest Framework"
          />
        </div>
        <div
          class="sc-AxiKw bLDZyO"
        >
          <label
            class="sc-AxhCb ieTFEo"
            for="url"
          >
            Url
          </label>
          <input
            class="sc-AxhUy ePtFHq"
            id="url"
            name="url"
            placeholder="Url"
            type="url"
            value="http://www.django-rest-framework.org/"
          />
        </div>
        <div>
          <button
            class="sc-AxheI dSQsuG"
            type="submit"
          >
            Update
          </button>
          <a
            href="/bookmarks"
          >
            Cancel
          </a>
        </div>
      </fieldset>
    </form>
  </main>
</div>
`;
