// Jest Snapshot v1, https://goo.gl/fbAQLP

exports[`BookmarkUpdate renders without crashing 1`] = `
<div
  class="sc-AxheI iAQAMi"
>
  <div
    class="sc-AxiKw bJCLjj"
  >
    <p
      class="sc-AxhCb dvaKgx"
    >
      <span
        class="sc-AxhUy funJuC"
      />
       
      
    </p>
    <button
      aria-label="Close alert"
      class="sc-AxgMl bMsCBu"
      type="button"
    >
      <span>
        Close
      </span>
    </button>
  </div>
  <header
    class="sc-Axmtr eCCXJi"
  >
    <div
      class="sc-AxmLO hiBYtb"
    >
      <div
        class="sc-AxjAm daLWxe"
      >
        <a
          class="sc-AxirZ gHWAZY"
          href="/bookmarks"
        >
          Bookmarks
        </a>
      </div>
      <nav
        class="sc-fzozJi jmrGBi"
      >
        <ul>
          <li
            class="sc-fzoLsD jBEMxY"
          >
            <button
              class="sc-fzpans joGuf"
              type="button"
            >
              Sign Out
            </button>
          </li>
        </ul>
      </nav>
    </div>
  </header>
  <main
    class="sc-fzplWN fiNEmJ"
  >
    <form
      autocomplete="off"
      class="sc-fznyAO kiQsII"
      novalidate=""
    >
      <fieldset>
        <legend
          class="sc-fznKkj fcChUs"
        >
          Edit bookmark
        </legend>
        <div
          class="sc-fznZeY iUPSmW"
        >
          <label
            class="sc-fzokOt ihZcrX"
            for="title"
          >
            Title
          </label>
          <input
            aria-invalid="false"
            class="sc-fzqBZW YgUtV"
            id="title"
            name="title"
            placeholder="Title"
            type="text"
            value="Django Rest Framework"
          />
          
        </div>
        <div
          class="sc-fznZeY iUPSmW"
        >
          <label
            class="sc-fzokOt ihZcrX"
            for="url"
          >
            Url
          </label>
          <input
            aria-invalid="false"
            class="sc-fzqBZW YgUtV"
            id="url"
            name="url"
            placeholder="Url"
            type="url"
            value="http://www.django-rest-framework.org/"
          />
          
        </div>
        <div>
          <button
            class="sc-fzoyAV hyuHhu"
            type="submit"
          >
            Update
          </button>
          <a
            href="/bookmarks"
          >
            Cancel
          </a>
        </div>
      </fieldset>
    </form>
  </main>
</div>
`;
