// Jest Snapshot v1, https://goo.gl/fbAQLP

exports[`SignIn renders without crashing 1`] = `
<div
  class="sc-fznyAO gzScre"
>
  <div
    class="sc-fzozJi hjZFMJ"
  >
    <p
      class="sc-fzoLsD gkprAF"
    >
      <span
        class="sc-fzpans itZSub"
      />
       
      
    </p>
    <button
      aria-label="Close alert"
      class="sc-fzplWN cbPIzc"
      type="button"
    >
      <span>
        Close
      </span>
    </button>
  </div>
  <header
    class="sc-fznKkj hAVTOU"
  >
    <div
      class="sc-fznZeY eQbmXQ"
    >
      <div
        class="sc-Axmtr gOKCDz"
      >
        <a
          class="sc-AxmLO fpwXlv"
          href="/"
        >
          Bookmarks
        </a>
      </div>
      <nav
        class="sc-fzokOt bbGngf"
      >
        <ul>
          <li
            class="sc-fzqBZW cJRSnq"
          >
            <a
              href="/sign_up"
            >
              Sign Up
            </a>
          </li>
        </ul>
      </nav>
    </div>
  </header>
  <main
    class="sc-fzoyAV hNheMF"
  >
    <form
      autocomplete="off"
      class="sc-AxjAm hYYXIy"
      novalidate=""
    >
      <fieldset>
        <legend
          class="sc-AxirZ dBtpcc"
        >
          Login to your account
        </legend>
        <input
          name="isRegistration"
          type="hidden"
          value="no"
        />
        <div
          class="sc-AxiKw bLDZyO"
        >
          <label
            class="sc-AxhCb ieTFEo"
            for="email"
          >
            E-mail
          </label>
          <input
            aria-invalid="false"
            class="sc-AxhUy ePtFHq"
            id="email"
            name="email"
            placeholder="E-mail"
            type="email"
            value=""
          />
          
        </div>
        <div
          class="sc-AxiKw bLDZyO"
        >
          <label
            class="sc-AxhCb ieTFEo"
            for="password"
          >
            Password
          </label>
          <input
            aria-invalid="false"
            class="sc-AxhUy ePtFHq"
            id="password"
            name="password"
            placeholder="Password"
            type="password"
            value=""
          />
          
        </div>
        <div>
          <button
            class="sc-AxheI dSQsuG"
            type="submit"
          >
            Login
          </button>
        </div>
      </fieldset>
    </form>
  </main>
</div>
`;
