// Jest Snapshot v1, https://goo.gl/fbAQLP

exports[`SignIn renders without crashing 1`] = `
<MainWrapper>
  <MainHeader>
    <Logo
      to="/"
    />
    <Connect(MainNavigation)
      pathname="/sign_up"
      title="Sign Up"
    />
  </MainHeader>
  <MainContent>
    <AuthForm
      action="Login"
      isRegistration={false}
      legend="Login to your account"
      onSubmit={[Function]}
    />
  </MainContent>
</MainWrapper>
`;
