// Jest Snapshot v1, https://goo.gl/fbAQLP

exports[`BookmarkList renders without crashing 1`] = `
<div
  class="sc-fzqBZW gLzUFZ"
>
  <div
    class="sc-fznyAO jHNXDq"
  >
    <p
      class="sc-fznKkj cKeVvZ"
    >
      <span
        class="sc-fznZeY jTWNcD"
      />
       
      
    </p>
    <button
      aria-label="Close alert"
      class="sc-fzokOt iQjNdG"
      type="button"
    >
      <span>
        Close
      </span>
    </button>
  </div>
  <header
    class="sc-fzqNJr eWEomT"
  >
    <div
      class="sc-fzoyAV kKLbAF"
    >
      <div
        class="sc-fzpans ywShZ"
      >
        <a
          class="sc-fzplWN dPJMtt"
          href="/bookmarks"
        >
          Bookmarks
        </a>
      </div>
      <nav
        class="sc-fzoLag hJjPwp"
      >
        <ul>
          <li
            class="sc-fzoXzr jsayvX"
          >
            <button
              class="sc-fzpjYC bgWwfv"
              type="button"
            >
              Sign Out
            </button>
          </li>
        </ul>
      </nav>
    </div>
  </header>
  <main
    class="sc-fznxsB btECRv"
  >
    <div
      class="sc-fznJRM fxdAnj"
    >
      <ul>
        <li>
          <a
            href="/bookmarks/new"
          >
            Add bookmark
          </a>
        </li>
      </ul>
    </div>
    <table
      class="sc-AxjAm doFumh"
    >
      <tbody />
    </table>
  </main>
</div>
`;
