// Jest Snapshot v1, https://goo.gl/fbAQLP

exports[`BookmarkList renders without crashing 1`] = `
<div
  class="sc-AxheI iAQAMi"
>
  <div
    class="sc-AxiKw bJCLjj"
  >
    <p
      class="sc-AxhCb dvaKgx"
    >
      <span
        class="sc-AxhUy funJuC"
      />
       
      
    </p>
    <button
      aria-label="Close alert"
      class="sc-AxgMl bMsCBu"
      type="button"
    >
      <span>
        Close
      </span>
    </button>
  </div>
  <header
    class="sc-Axmtr eCCXJi"
  >
    <div
      class="sc-AxmLO hiBYtb"
    >
      <div
        class="sc-AxjAm daLWxe"
      >
        <a
          class="sc-AxirZ gHWAZY"
          href="/bookmarks"
        >
          Bookmarks
        </a>
      </div>
      <nav
        class="sc-fzozJi jmrGBi"
      >
        <ul>
          <li
            class="sc-fzoLsD jBEMxY"
          >
            <button
              class="sc-fzpans joGuf"
              type="button"
            >
              Sign Out
            </button>
          </li>
        </ul>
      </nav>
    </div>
  </header>
  <main
    class="sc-fzplWN fiNEmJ"
  >
    <div
      class="sc-fznyAO kxqtUh"
    >
      <ul>
        <li>
          <a
            href="/bookmarks/new"
          >
            Add bookmark
          </a>
        </li>
      </ul>
    </div>
    <table
      class="sc-fznZeY MAyRa"
    >
      <tbody />
    </table>
  </main>
</div>
`;
