// Jest Snapshot v1, https://goo.gl/fbAQLP

exports[`MainForm renders without crashing 1`] = `
<styled.form
  autoComplete="off"
  noValidate={true}
  onSubmit={[MockFunction]}
>
  <fieldset>
    <styled.legend>
      A legend
    </styled.legend>
    <div>
      <label
        htmlFor="test"
      >
        A label
      </label>
      <input
        id="test"
        name="test"
        type="text"
      />
    </div>
  </fieldset>
</styled.form>
`;
