// Jest Snapshot v1, https://goo.gl/fbAQLP

exports[`Confirm renders without crashing 1`] = `
<div
  class="sc-AxjAm hUlsBR"
  role="dialog"
>
  <div
    class="sc-AxirZ imtMWy"
  >
    <div
      class="sc-AxiKw coukEk"
    >
      <p
        class="sc-AxhCb kOQotW"
      >
        Delete bookmark
      </p>
      <p
        class="sc-AxhUy bCkcaf"
      >
        Are you sure you want to delete this bookmark?
      </p>
      <div
        class="sc-AxgMl iILWop"
      >
        <button
          class="sc-AxheI bZUiir"
          type="button"
        >
          Cancel
        </button>
        <button
          class="sc-AxheI eiypHs"
          type="button"
        >
          Confirm
        </button>
      </div>
    </div>
  </div>
</div>
`;
