// Jest Snapshot v1, https://goo.gl/fbAQLP

exports[`Confirm when is visible renders without crashing 1`] = `
<Portal>
  <styled.div
    isVisible={true}
    role="dialog"
  >
    <styled.div
      isHidden={false}
      isVisible={true}
      theme={
        Object {
          "main": "primary",
        }
      }
    >
      <styled.div>
        <styled.p
          theme={
            Object {
              "main": "primary",
            }
          }
        >
          Solicitar bobina
        </styled.p>
        <styled.p
          theme={
            Object {
              "main": "primary",
            }
          }
        >
          Você confirma a solicitação de bobina?
        </styled.p>
        <styled.div>
          <styled.button
            onClick={[MockFunction]}
            theme={
              Object {
                "main": "secondary",
              }
            }
            type="button"
          >
            Cancel
          </styled.button>
          <styled.button
            onClick={[MockFunction]}
            theme={
              Object {
                "main": "primary",
              }
            }
            type="button"
          >
            Confirm
          </styled.button>
        </styled.div>
      </styled.div>
    </styled.div>
  </styled.div>
</Portal>
`;
