// Jest Snapshot v1, https://goo.gl/fbAQLP

exports[`PageNavigation renders without crashing 1`] = `
<div
  className="page-navigation"
>
  <ul
    className="page-navigation__list"
  >
    <li
      className="page-navigation__item"
    >
      <Link
        to="/home"
      >
        Home
      </Link>
    </li>
  </ul>
</div>
`;
