// Jest Snapshot v1, https://goo.gl/fbAQLP

exports[`FormGroup when is invalid renders without crashing 1`] = `
<div
  class="sc-AxjAm gwJtGB"
>
  <label
    class="sc-AxirZ bgWkfA"
  >
    Password
  </label>
  <input
    aria-invalid="false"
    class="sc-AxiKw bmohav"
    placeholder="Password"
    type="password"
    value=""
  />
  
</div>
`;

exports[`FormGroup when is valid renders without crashing 1`] = `
<div
  class="sc-AxjAm gwJtGB"
>
  <label
    class="sc-AxirZ bgWkfA"
  >
    Password
  </label>
  <input
    aria-invalid="false"
    class="sc-AxiKw bmohav"
    placeholder="Password"
    type="password"
    value=""
  />
  
</div>
`;
