// Jest Snapshot v1, https://goo.gl/fbAQLP

exports[`FormGroup renders without crashing 1`] = `
<div
  className="form-group"
>
  <FormLabel
    htmlFor="senha"
  >
    Senha
  </FormLabel>
  <FormInput
    autoFocus={false}
    disabled={false}
    formatChars={
      Object {
        "9": "[0-9]",
        "?": "[0-9]",
      }
    }
    input={
      Object {
        "name": "senha",
        "value": "",
      }
    }
    mask=""
    onBlur={[Function]}
    onFocus={[Function]}
    placeholder="Senha"
    type="password"
  />
</div>
`;
