// Jest Snapshot v1, https://goo.gl/fbAQLP

exports[`Home renders without crashing 1`] = `
<MainWrapper>
  <MainHeader>
    <Logo
      to="/"
    />
    <Connect(MainNavigation)
      pathname="/sign_in"
      title="Sign In"
    />
  </MainHeader>
  <MainContent>
    <PageSection
      title="A smarter way to save your web pages"
    >
      <p>
        Bookmarks makes it simple to save web pages you find useful, interesting, or inspiring in a beautiful, easy-to-use web app.
      </p>
      <p>
        Don't have an account? 
        <Link
          to="/sign_up"
        >
          Sign up here
        </Link>
        .
      </p>
    </PageSection>
  </MainContent>
</MainWrapper>
`;
