// Jest Snapshot v1, https://goo.gl/fbAQLP

exports[`Home renders without crashing 1`] = `
<div
  class="sc-AxheI iAQAMi"
>
  <div
    class="sc-AxiKw bJCLjj"
  >
    <p
      class="sc-AxhCb dvaKgx"
    >
      <span
        class="sc-AxhUy funJuC"
      />
       
      
    </p>
    <button
      aria-label="Close alert"
      class="sc-AxgMl bMsCBu"
      type="button"
    >
      <span>
        Close
      </span>
    </button>
  </div>
  <header
    class="sc-Axmtr eCCXJi"
  >
    <div
      class="sc-AxmLO hiBYtb"
    >
      <div
        class="sc-AxjAm daLWxe"
      >
        <a
          class="sc-AxirZ gHWAZY"
          href="/"
        >
          Bookmarks
        </a>
      </div>
      <nav
        class="sc-fzozJi jmrGBi"
      >
        <ul>
          <li
            class="sc-fzoLsD jBEMxY"
          >
            <a
              href="/sign_in"
            >
              Sign In
            </a>
          </li>
        </ul>
      </nav>
    </div>
  </header>
  <main
    class="sc-fzplWN fiNEmJ"
  >
    <section
      class="sc-fznyAO ekeBOJ"
    >
      <h1
        class="sc-fznKkj fSAKYJ"
      >
        A smarter way to save your web pages
      </h1>
      <p>
        Bookmarks makes it simple to save web pages you find useful, interesting, or inspiring in a beautiful, easy-to-use web app.
      </p>
      <p>
        Don't have an account? 
        <a
          href="/sign_up"
        >
          Sign up here
        </a>
        .
      </p>
    </section>
  </main>
</div>
`;
