// Jest Snapshot v1, https://goo.gl/fbAQLP

exports[`Alert renders without crashing 1`] = `
<div
  class="sc-AykKC bjBiDs"
>
  <p
    class="sc-AykKD dfbIIS"
  >
    <span
      class="sc-AykKE ejbGjx"
    />
     
    Invalid credendials
  </p>
  <button
    aria-label="Close alert"
    class="sc-AykKF ejyTDJ"
    type="button"
  >
    <span>
      Close
    </span>
  </button>
</div>
`;
