// Jest Snapshot v1, https://goo.gl/fbAQLP

exports[`UserList renders without crashing 1`] = `
<div
  class="sc-fzozJi kczcXd"
>
  <div
    class="sc-AxgMl iQhmZI"
  >
    <p
      class="sc-AxheI eKvuUQ"
    >
      <span
        class="sc-Axmtr ckrvSZ"
      />
       
      
    </p>
    <button
      aria-label="Close alert"
      class="sc-AxmLO fnYaFm"
      type="button"
    >
      <span>
        Close
      </span>
    </button>
  </div>
  <header
    class="sc-fzoLsD gmsxLA"
  >
    <div
      class="sc-fzpans hEccRE"
    >
      <div
        class="sc-AxhCb gwjmIx"
      >
        <a
          class="sc-AxhUy inKelV"
          href="/admin/bookmarks"
        >
          Bookmarks
        </a>
      </div>
      <nav
        class="sc-fzplWN fEYjxB"
      >
        <ul>
          <li
            class="sc-fznyAO iwBLJN"
          >
            <button
              class="sc-fznKkj gJPLj"
              type="button"
            >
              Sign Out
            </button>
          </li>
        </ul>
      </nav>
    </div>
  </header>
  <main
    class="sc-fznZeY gRLPyU"
  >
    <div
      class="sc-fzokOt bjpPnv"
    >
      <ul>
        <li>
          <a
            href="/admin/bookmarks"
          >
            Bookmarks list
          </a>
        </li>
      </ul>
    </div>
    <table
      class="sc-AxjAm doFumh"
    >
      <tbody />
    </table>
  </main>
</div>
`;
