// Jest Snapshot v1, https://goo.gl/fbAQLP

exports[`renders without crashing 1`] = `
<Fragment>
  <Connect(Loading) />
  <Suspense
    fallback={<FallbackLoading />}
  >
    <Connect(ConnectedRouterWithContext)
      history={
        Object {
          "action": "POP",
          "block": [Function],
          "createHref": [Function],
          "go": [Function],
          "goBack": [Function],
          "goForward": [Function],
          "length": 1,
          "listen": [Function],
          "location": Object {
            "hash": "",
            "pathname": "/",
            "search": "",
            "state": undefined,
          },
          "push": [Function],
          "replace": [Function],
        }
      }
    >
      <Switch>
        <Route
          exact={true}
          path="/"
        >
          <lazy />
        </Route>
        <Route
          exact={true}
          path="/sign_in"
        >
          <lazy />
        </Route>
        <Route
          exact={true}
          path="/sign_up"
        >
          <lazy />
        </Route>
        <Connect(PrivateRoute)
          exact={true}
          path="/bookmarks"
        >
          <lazy />
        </Connect(PrivateRoute)>
        <Connect(PrivateRoute)
          exact={true}
          path="/bookmarks/new"
        >
          <lazy />
        </Connect(PrivateRoute)>
        <Connect(PrivateRoute)
          exact={true}
          path="/bookmarks/:id/edit"
        >
          <lazy />
        </Connect(PrivateRoute)>
        <Connect(PrivateRoute)
          exact={true}
          path="/admin/bookmarks"
        >
          <lazy />
        </Connect(PrivateRoute)>
        <Connect(PrivateRoute)
          exact={true}
          path="/admin/users"
        >
          <lazy />
        </Connect(PrivateRoute)>
        <Route
          path="*"
        >
          <lazy />
        </Route>
      </Switch>
    </Connect(ConnectedRouterWithContext)>
  </Suspense>
</Fragment>
`;
