// Jest Snapshot v1, https://goo.gl/fbAQLP

exports[`NotFound renders without crashing 1`] = `
<div
  class="sc-AxhUy jsxOVu"
>
  <div
    class="sc-AxjAm gVcqXk"
  >
    <p
      class="sc-AxirZ dQMFuN"
    >
      <span
        class="sc-AxiKw cGiMxH"
      />
       
      
    </p>
    <button
      aria-label="Close alert"
      class="sc-AxhCb fbaVap"
      type="button"
    >
      <span>
        Close
      </span>
    </button>
  </div>
  <main
    class="sc-AxgMl fYQEfX"
  >
    <section
      class="sc-AxheI kcxa-dV"
    >
      <h1
        class="sc-Axmtr leJLpf"
      >
        404 - Page not found
      </h1>
      <p>
        Sorry, the page you were looking for cannot be found!
      </p>
      <p>
        Do you want to go back to where you were?
         
        <button
          class="sc-AxmLO kWGaqt"
          type="button"
        >
          Click here
        </button>
        .
      </p>
    </section>
  </main>
</div>
`;
