// Jest Snapshot v1, https://goo.gl/fbAQLP

exports[`Pagination renders without crashing 1`] = `
<PaginationBoxView
  activeClassName="selected"
  breakLabel="..."
  containerClassName="pagination"
  disableInitialCallback={false}
  disabledClassName="disabled"
  initialPage={0}
  marginPagesDisplayed={3}
  nextClassName="next"
  nextLabel="Next >"
  onPageChange={[MockFunction]}
  pageCount={10}
  pageRangeDisplayed={2}
  previousClassName="previous"
  previousLabel="< Previous"
/>
`;
