// Jest Snapshot v1, https://goo.gl/fbAQLP

exports[`Pagination when is not visible renders nothing 1`] = `null`;

exports[`Pagination when is visible renders without crashing 1`] = `
<div
  class="sc-AxjAm dIlKGO"
>
  <ul
    class="pagination"
  >
    <li
      class="previous disabled"
    >
      <a
        aria-disabled="true"
        role="button"
        tabindex="0"
      >
        &lt; Previous
      </a>
    </li>
    <li
      class="selected"
    >
      <a
        aria-current="page"
        aria-label="Page 1 is your current page"
        role="button"
        tabindex="0"
      >
        1
      </a>
    </li>
    <li>
      <a
        aria-label="Page 2"
        role="button"
        tabindex="0"
      >
        2
      </a>
    </li>
    <li
      class="next"
    >
      <a
        aria-disabled="false"
        role="button"
        tabindex="0"
      >
        Next &gt;
      </a>
    </li>
  </ul>
</div>
`;
