// Jest Snapshot v1, https://goo.gl/fbAQLP

exports[`UserTable renders without crashing 1`] = `
<Table>
  <tbody>
    <TableRow
      key="e4f262c4-8dd3-4db4-85c8-83e03b8ecad4"
    >
      <TableColumn
        hasActions={false}
        label="Name"
      >
        John Doe
      </TableColumn>
      <TableColumn
        hasActions={false}
        label="Email"
      >
        john.doe@example.com
      </TableColumn>
    </TableRow>
  </tbody>
</Table>
`;
