// Jest Snapshot v1, https://goo.gl/fbAQLP

exports[`MainNavigation renders without crashing 1`] = `
<nav
  className="main-navigation"
>
  <ul
    className="main-navigation__list"
  >
    <li
      className="main-navigation__item"
    >
      <Link
        to="/home"
      >
        Home
      </Link>
    </li>
  </ul>
</nav>
`;
